../Drivers/API/Src/lcd_driver.c:24:13:LCD_SendNibble	24	static
../Drivers/API/Src/lcd_driver.c:32:13:LCD_SendCommand	16	static
../Drivers/API/Src/lcd_driver.c:39:13:LCD_SendData	16	static
../Drivers/API/Src/lcd_driver.c:46:13:FormatIntDecimal	40	static
../Drivers/API/Src/lcd_driver.c:68:13:LCD_PrintLine	56	dynamic
../Drivers/API/Src/lcd_driver.c:87:6:LCD_SendString	16	static
../Drivers/API/Src/lcd_driver.c:96:6:LCD_Clear	8	static
../Drivers/API/Src/lcd_driver.c:101:6:LCD_Home	8	static
../Drivers/API/Src/lcd_driver.c:107:6:LCD_SetCursor	24	static
../Drivers/API/Src/lcd_driver.c:115:6:LCD_Print	16	static
../Drivers/API/Src/lcd_driver.c:123:6:LCD_Init	8	static
../Drivers/API/Src/lcd_driver.c:145:6:LCD_Begin	16	static
../Drivers/API/Src/lcd_driver.c:152:6:LCD_PrintSensorData	64	dynamic
